###############################################################################
#
# IAR ELF Linker V9.10.2.313/W64 for ARM                  10/Nov/2021  10:47:33
# Copyright 2007-2021 IAR Systems AB.
#
#    Output file  =
#        C:\Users\Yousef\OneDrive\Desktop\Embeded_Systems\test\Embedded_Project\Debug\Exe\Task4.out
#    Map file     =
#        C:\Users\Yousef\OneDrive\Desktop\Embeded_Systems\test\Embedded_Project\Debug\List\Task4.map
#    Command line =
#        -f
#        C:\Users\Yousef\OneDrive\Desktop\Embeded_Systems\test\Embedded_Project\Debug\Exe\Task4.out.rsp
#        (C:\Users\Yousef\OneDrive\Desktop\Embeded_Systems\test\Embedded_Project\Debug\Obj\DIO.o
#        C:\Users\Yousef\OneDrive\Desktop\Embeded_Systems\test\Embedded_Project\Debug\Obj\main.o
#        --no_out_extension -o
#        C:\Users\Yousef\OneDrive\Desktop\Embeded_Systems\test\Embedded_Project\Debug\Exe\Task4.out
#        --redirect _Printf=_PrintfFullNoMb --redirect _Scanf=_ScanfFullNoMb
#        --map
#        C:\Users\Yousef\OneDrive\Desktop\Embeded_Systems\test\Embedded_Project\Debug\List\Task4.map
#        --config "C:\Program Files\IAR Systems\Embedded Workbench
#        9.0\arm\config\linker\TexasInstruments\TM4C123GH6.icf" --semihosting
#        --entry __iar_program_start --vfe --text_out locale)
#
###############################################################################

*******************************************************************************
*** RUNTIME MODEL ATTRIBUTES
***

CppFlavor       = *
__SystemLibrary = DLib
__dlib_version  = 6


*******************************************************************************
*** HEAP SELECTION
***

The basic heap was selected because some modules are built with
size limitations (and not runtime checking), and --advanced_heap
was not specified.


*******************************************************************************
*** PLACEMENT SUMMARY
***

"A0":  place at address 0x0 { ro section .intvec };
"P1":  place in [from 0x0 to 0x3'ffff] { ro };
define block CSTACK with size = 4K, alignment = 8 { };
define block HEAP with size = 8K, alignment = 8 { };
"P2":  place in [from 0x2000'0000 to 0x2000'7fff] {
          rw, block CSTACK, block HEAP };

No sections matched the following patterns:

  rw  in "P2"


  Section   Kind         Address    Size  Object
  -------   ----         -------    ----  ------
"A0":                               0x40
  .intvec   ro code          0x0    0x40  vector_table_M.o [4]
                          - 0x40    0x40

"P1":                              0x7a0
  .text     ro code         0x40   0x60c  DIO.o [1]
  .text     ro code        0x64c   0x10c  main.o [1]
  .text     ro code        0x758    0x22  fpinit_M.o [3]
  .text     ro code        0x77a     0x2  vectortrap_M.o [4]
  .text     ro code        0x77c    0x1e  cmain.o [4]
  .text     ro code        0x79a     0x4  low_level_init.o [2]
  .text     ro code        0x79e     0x4  exit.o [2]
  .text     ro code        0x7a4     0xa  cexit.o [4]
  .text     ro code        0x7b0    0x14  exit.o [5]
  .text     ro code        0x7c4    0x1c  cstartup_M.o [4]
                         - 0x7e0   0x7a0

"P2":                             0x1000
  CSTACK             0x2000'0000  0x1000  <Block>
    CSTACK  uninit   0x2000'0000  0x1000  <Block tail>
                   - 0x2000'1000  0x1000

Unused ranges:

         From           To      Size
         ----           --      ----
        0x7e0     0x3'ffff  0x3'f820
  0x2000'1000  0x2000'7fff    0x7000



*******************************************************************************
*** MODULE SUMMARY
***

    Module            ro code  rw data
    ------            -------  -------
command line/config:
    ----------------------------------
    Total:

C:\Users\Yousef\OneDrive\Desktop\Embeded_Systems\test\Embedded_Project\Debug\Obj: [1]
    DIO.o               1'548
    main.o                268
    ----------------------------------
    Total:              1'816

dl7M_tln.a: [2]
    exit.o                  4
    low_level_init.o        4
    ----------------------------------
    Total:                  8

m7M_tls.a: [3]
    fpinit_M.o             34
    ----------------------------------
    Total:                 34

rt7M_tl.a: [4]
    cexit.o                10
    cmain.o                30
    cstartup_M.o           28
    vector_table_M.o       64
    vectortrap_M.o          2
    ----------------------------------
    Total:                134

shb_l.a: [5]
    exit.o                 20
    ----------------------------------
    Total:                 20

    Gaps                    4
    Linker created               4'096
--------------------------------------
    Grand Total:        2'016    4'096


*******************************************************************************
*** ENTRY LIST
***

Entry                     Address   Size  Type      Object
-----                     -------   ----  ----      ------
?main                       0x77d         Code  Gb  cmain.o [4]
BusFault_Handler            0x77b         Code  Wk  vectortrap_M.o [4]
CSTACK$$Base          0x2000'0000          --   Gb  - Linker created -
CSTACK$$Limit         0x2000'1000          --   Gb  - Linker created -
DIO_Init                     0x41  0x352  Code  Gb  DIO.o [1]
DIO_ReadPin                 0x54f   0x70  Code  Gb  DIO.o [1]
DIO_WritePin                0x393  0x120  Code  Gb  DIO.o [1]
DIO_Write_Port              0x4b3   0x9c  Code  Gb  DIO.o [1]
DebugMon_Handler            0x77b         Code  Wk  vectortrap_M.o [4]
HardFault_Handler           0x77b         Code  Wk  vectortrap_M.o [4]
MemManage_Handler           0x77b         Code  Wk  vectortrap_M.o [4]
NMI_Handler                 0x77b         Code  Wk  vectortrap_M.o [4]
PendSV_Handler              0x77b         Code  Wk  vectortrap_M.o [4]
Region$$Table$$Base           0x0          --   Gb  - Linker created -
Region$$Table$$Limit          0x0          --   Gb  - Linker created -
SVC_Handler                 0x77b         Code  Wk  vectortrap_M.o [4]
SysTick_Handler             0x77b         Code  Wk  vectortrap_M.o [4]
UsageFault_Handler          0x77b         Code  Wk  vectortrap_M.o [4]
__cmain                     0x77d         Code  Gb  cmain.o [4]
__exit                      0x7b1   0x14  Code  Gb  exit.o [5]
__iar_init_vfp              0x759         Code  Gb  fpinit_M.o [3]
__iar_program_start         0x7c5         Code  Gb  cstartup_M.o [4]
__low_level_init            0x79b    0x4  Code  Gb  low_level_init.o [2]
__vector_table                0x0         Data  Gb  vector_table_M.o [4]
_call_main                  0x789         Code  Gb  cmain.o [4]
_exit                       0x7a5         Code  Gb  cexit.o [4]
delay                       0x747   0x12  Code  Gb  main.o [1]
exit                        0x79f    0x4  Code  Gb  exit.o [2]
main                        0x64d   0xfa  Code  Gb  main.o [1]


[1] = C:\Users\Yousef\OneDrive\Desktop\Embeded_Systems\test\Embedded_Project\Debug\Obj
[2] = dl7M_tln.a
[3] = m7M_tls.a
[4] = rt7M_tl.a
[5] = shb_l.a

  2'016 bytes of readonly  code memory
  4'096 bytes of readwrite data memory

Errors: none
Warnings: none
