###############################################################################
#
# IAR ELF Linker V9.10.2.313/W64 for ARM                  13/Jan/2022  05:10:25
# Copyright 2007-2021 IAR Systems AB.
#
#    Output file  =
#        D:\UNI\senior1\CSE211 Introduction to embedded systems\Group project
#        team 16\Embedded_Project\Debug\Exe\Team16 final project.out
#    Map file     =
#        D:\UNI\senior1\CSE211 Introduction to embedded systems\Group project
#        team 16\Embedded_Project\Debug\List\Team16 final project.map
#    Command line =
#        -f "D:\UNI\senior1\CSE211 Introduction to embedded systems\Group
#        project team 16\Embedded_Project\Debug\Exe\Team16 final
#        project.out.rsp" ("D:\UNI\senior1\CSE211 Introduction to embedded
#        systems\Group project team 16\Embedded_Project\Debug\Obj\DIO.o"
#        "D:\UNI\senior1\CSE211 Introduction to embedded systems\Group project
#        team 16\Embedded_Project\Debug\Obj\main.o" "D:\UNI\senior1\CSE211
#        Introduction to embedded systems\Group project team
#        16\Embedded_Project\Debug\Obj\MyTimer.o" "D:\UNI\senior1\CSE211
#        Introduction to embedded systems\Group project team
#        16\Embedded_Project\Debug\Obj\startup_ewarm.o" "D:\UNI\senior1\CSE211
#        Introduction to embedded systems\Group project team
#        16\Embedded_Project\Debug\Obj\systick.o" --no_out_extension -o
#        "D:\UNI\senior1\CSE211 Introduction to embedded systems\Group project
#        team 16\Embedded_Project\Debug\Exe\Team16 final project.out"
#        --redirect _Printf=_PrintfFullNoMb --redirect _Scanf=_ScanfFullNoMb
#        --map "D:\UNI\senior1\CSE211 Introduction to embedded systems\Group
#        project team 16\Embedded_Project\Debug\List\Team16 final project.map"
#        --config "C:\Program Files\IAR Systems\Embedded Workbench
#        9.0\arm\config\linker\TexasInstruments\TM4C123GH6.icf" --semihosting
#        --entry __iar_program_start --vfe --text_out locale)
#
###############################################################################

*******************************************************************************
*** RUNTIME MODEL ATTRIBUTES
***

CppFlavor       = *
__SystemLibrary = DLib
__dlib_version  = 6


*******************************************************************************
*** HEAP SELECTION
***

The basic heap was selected because some modules are built with
size limitations (and not runtime checking), and --advanced_heap
was not specified.


*******************************************************************************
*** PLACEMENT SUMMARY
***

"A0":  place at address 0x0 { ro section .intvec };
"P1":  place in [from 0x0 to 0x3'ffff] { ro };
define block CSTACK with size = 4K, alignment = 8 { };
define block HEAP with size = 8K, alignment = 8 { };
"P2":  place in [from 0x2000'0000 to 0x2000'7fff] {
          rw, block CSTACK, block HEAP };
do not initialize { rw section .noinit };

  Section          Kind         Address   Size  Object
  -------          ----         -------   ----  ------
"A0":                                    0x26c
  .intvec          const            0x0  0x26c  startup_ewarm.o [1]
                                - 0x26c  0x26c

"P1":                                    0xe70
  .text            ro code        0x26c  0x554  DIO.o [1]
  .text            ro code        0x7c0  0x444  MyTimer.o [1]
  .text            ro code        0xc04  0x3c0  main.o [1]
  .text            ro code        0xfc4   0x38  zero_init3.o [4]
  .text            ro code        0xffc   0x28  data_init.o [4]
  .text            ro code       0x1024   0x22  fpinit_M.o [3]
  .iar.init_table  const         0x1048   0x10  - Linker created -
  .text            ro code       0x1058   0x1e  startup_ewarm.o [1]
  .text            ro code       0x1078   0x1c  cstartup_M.o [4]
  .text            ro code       0x1094   0x1e  cmain.o [4]
  .text            ro code       0x10b2    0x4  low_level_init.o [2]
  .text            ro code       0x10b6    0x4  exit.o [2]
  .text            ro code       0x10bc    0xa  cexit.o [4]
  .text            ro code       0x10c8   0x14  exit.o [5]
  .rodata          const         0x10dc    0x0  zero_init3.o [4]
                               - 0x10dc  0xe70

"P2", part 1 of 2:                         0x4
  .bss             zero     0x2000'0000    0x1  main.o [1]
  .bss             zero     0x2000'0001    0x1  main.o [1]
  .bss             zero     0x2000'0002    0x1  main.o [1]
                          - 0x2000'0003    0x3

"P2", part 2 of 2:                       0x200
  .noinit          uninit   0x2000'0004  0x200  startup_ewarm.o [1]
                          - 0x2000'0204  0x200

Unused ranges:

         From           To      Size
         ----           --      ----
       0x10dc     0x3'ffff  0x3'ef24
  0x2000'0204  0x2000'7fff    0x7dfc


*******************************************************************************
*** INIT TABLE
***

          Address      Size
          -------      ----
Zero (__iar_zero_init3)
    1 destination range, total size 0x3:
          0x2000'0000   0x3



*******************************************************************************
*** MODULE SUMMARY
***

    Module            ro code  ro data  rw data
    ------            -------  -------  -------
command line/config:
    -------------------------------------------
    Total:

D:\UNI\senior1\CSE211 Introduction to embedded systems\Group project team 16\Embedded_Project\Debug\Obj: [1]
    DIO.o               1'364
    MyTimer.o           1'092
    main.o                960                 3
    startup_ewarm.o        30      620      512
    -------------------------------------------
    Total:              3'446      620      515

dl7M_tln.a: [2]
    exit.o                  4
    low_level_init.o        4
    -------------------------------------------
    Total:                  8

m7M_tls.a: [3]
    fpinit_M.o             34
    -------------------------------------------
    Total:                 34

rt7M_tl.a: [4]
    cexit.o                10
    cmain.o                30
    cstartup_M.o           28
    data_init.o            40
    zero_init3.o           56
    -------------------------------------------
    Total:                164

shb_l.a: [5]
    exit.o                 20
    -------------------------------------------
    Total:                 20

    Gaps                    6        2
    Linker created                  16
-----------------------------------------------
    Grand Total:        3'678      638      515


*******************************************************************************
*** ENTRY LIST
***

Entry                       Address   Size  Type      Object
-----                       -------   ----  ----      ------
.iar.init_table$$Base        0x1048          --   Gb  - Linker created -
.iar.init_table$$Limit       0x1058          --   Gb  - Linker created -
?main                        0x1095         Code  Gb  cmain.o [4]
DIO_Init_Pin                  0x26d  0x284  Code  Gb  DIO.o [1]
DIO_Init_Port                 0x4f1  0x110  Code  Gb  DIO.o [1]
DIO_WritePin                  0x601  0x122  Code  Gb  DIO.o [1]
FaultISR                     0x1073    0x2  Code  Lc  startup_ewarm.o [1]
IntDefaultHandler            0x1075    0x2  Code  Lc  startup_ewarm.o [1]
NmiSR                        0x1071    0x2  Code  Lc  startup_ewarm.o [1]
Pedestrian_Button_Handler
                              0xe33   0x96  Code  Gb  main.o [1]
Pedestrian_Timer_IntHandler
                              0xec9   0xd4  Code  Gb  main.o [1]
Region$$Table$$Base          0x1048          --   Gb  - Linker created -
Region$$Table$$Limit         0x1058          --   Gb  - Linker created -
ResetISR                     0x1059   0x14  Code  Gb  startup_ewarm.o [1]
Timer_Init                    0x7c1  0x1e2  Code  Gb  MyTimer.o [1]
Timer_Resume                  0xb07   0x6c  Code  Gb  MyTimer.o [1]
Timer_Set                     0x9a3   0xd4  Code  Gb  MyTimer.o [1]
Timer_Stop                    0xa77   0x90  Code  Gb  MyTimer.o [1]
Traffic_Timer_IntHandler
                              0xd1d  0x116  Code  Gb  main.o [1]
__cmain                      0x1095         Code  Gb  cmain.o [4]
__exit                       0x10c9   0x14  Code  Gb  exit.o [5]
__iar_data_init3              0xffd   0x28  Code  Gb  data_init.o [4]
__iar_init_vfp               0x1025         Code  Gb  fpinit_M.o [3]
__iar_program_start          0x1079         Code  Gb  cstartup_M.o [4]
__iar_zero_init3              0xfc5   0x38  Code  Gb  zero_init3.o [4]
__low_level_init             0x10b3    0x4  Code  Gb  low_level_init.o [2]
__vector_table                  0x0  0x26c  Data  Gb  startup_ewarm.o [1]
_call_main                   0x10a1         Code  Gb  cmain.o [4]
_exit                        0x10bd         Code  Gb  cexit.o [4]
direction               0x2000'0001    0x1  Data  Lc  main.o [1]
exit                         0x10b7    0x4  Code  Gb  exit.o [2]
firedbefore             0x2000'0002    0x1  Data  Lc  main.o [1]
main                          0xc05  0x118  Code  Gb  main.o [1]
pui32Stack              0x2000'0004  0x200  Data  Lc  startup_ewarm.o [1]
stateoftraffic          0x2000'0000    0x1  Data  Lc  main.o [1]


[1] = D:\UNI\senior1\CSE211 Introduction to embedded systems\Group project team 16\Embedded_Project\Debug\Obj
[2] = dl7M_tln.a
[3] = m7M_tls.a
[4] = rt7M_tl.a
[5] = shb_l.a

  3'678 bytes of readonly  code memory
    638 bytes of readonly  data memory
    515 bytes of readwrite data memory

Errors: none
Warnings: none
